// Vitest Snapshot v1, https://vitest.dev/guide/snapshot.html

exports[`Modal > render work 1`] = `
"<!--teleport start-->
<!--teleport end-->"
`;
