// Jest Snapshot v1, https://goo.gl/fbAQLP

exports[`ImageViewer render work 1`] = `"<!---->"`;
