// Jest Snapshot v1, https://goo.gl/fbAQLP

exports[`Header render work 1`] = `
"<div class=\\"ix-header ix-header-sm\\">
  <div class=\\"ix-header-content\\">
    <!---->
    <!----><span class=\\"ix-header-title\\">Header title</span>
    <!----><span class=\\"ix-header-suffix\\"><i class=\\"ix-icon ix-icon-close\\" role=\\"img\\" aria-label=\\"close\\"></i></span>
  </div>
  <!---->
</div>"
`;
