// Jest Snapshot v1, https://goo.gl/fbAQLP

exports[`Popover header props work 1`] = `"<transition-stub><div class=\\"ix-overlay ix-popover\\" style=\\"position: absolute; left: 0px; top: 0px; margin: 0px;\\"><div class=\\"ix-popover-wrapper\\"><div class=\\"ix-header ix-header-sm\\"><div class=\\"ix-header-content\\"><span class=\\"ix-header-prefix\\"><i class=\\"ix-icon ix-icon-up\\" role=\\"img\\" aria-label=\\"up\\"></i></span><!----><span class=\\"ix-header-title\\">Title</span><span class=\\"ix-header-sub-title\\">subTitle</span><span class=\\"ix-header-suffix\\"><i class=\\"ix-icon ix-icon-down\\" role=\\"img\\" aria-label=\\"down\\"></i></span></div><!----></div></div><div class=\\"ix-overlay-arrow\\" style=\\"position: absolute;\\"></div></div></transition-stub>"`;

exports[`Popover render work 1`] = `
"<div id=\\"trigger\\">trigger</div>
<!--teleport start-->
<!--teleport end-->"
`;
