// Jest Snapshot v1, https://goo.gl/fbAQLP

exports[`Divider render work 1`] = `
"<div class=\\"ix-divider ix-divider-md ix-divider-horizontal\\">
  <!---->
</div>"
`;
