// Vitest Snapshot v1

exports[`Space > render work 1`] = `
"<div class=\\"ix-space\\" style=\\"margin-bottom: -8px;\\">
  <div class=\\"ix-space-item\\" style=\\"margin-right: 8px; padding-bottom: 8px;\\">Space</div>
  <div class=\\"ix-space-item\\" style=\\"margin-right: 8px; padding-bottom: 8px;\\"><button class=\\"ix-button ix-button-primary ix-button-md\\" type=\\"button\\"><span>Button</span>
      <div aria-hidden=\\"true\\" class=\\"ix-wave\\"></div>
    </button></div>
  <div class=\\"ix-space-item\\" style=\\"padding-bottom: 8px;\\"><button class=\\"ix-button ix-button-default ix-button-md\\" type=\\"button\\"><span>Button</span>
      <div aria-hidden=\\"true\\" class=\\"ix-wave\\"></div>
    </button></div>
</div>"
`;
