// Vitest Snapshot v1, https://vitest.dev/guide/snapshot.html

exports[`Breadcrumb > render work 1`] = `
"<nav class="ix-breadcrumb" aria-label="Breadcrumb">
  <ol>
    <!---->
  </ol>
</nav>"
`;
