// Jest Snapshot v1, https://goo.gl/fbAQLP

exports[`DrawerProvider basic render work 1`] = `"<p>Some contents...</p>"`;
