// Vitest Snapshot v1

exports[`ProTagSelect > render work 1`] = `
"<div class=\\"ix-trigger ix-trigger-md ix-trigger-paddingless ix-selector ix-selector-md ix-selector-allow-input ix-selector-multiple ix-pro-tag-select ix-control-trigger ix-pro-tag-select\\" tabindex=\\"-1\\">
  <!---->
  <div class=\\"ix-selector-content\\">
    <div class=\\"ix-selector-placeholder\\">
      <!---->
    </div>
    <div class=\\"ix-overflow ix-selector-overflow \\">
      <!---->
      <div class=\\"ix-overflow-item ix-overflow-suffix\\">
        <div class=\\"ix-selector-input\\"><input class=\\"ix-selector-input-inner\\" style=\\"opacity: 0; width: 0px;\\" readonly=\\"\\"><span class=\\"ix-selector-input-mirror\\" aria-hidden=\\"true\\"></span></div>
      </div>
    </div>
  </div>
  <div class=\\"ix-trigger-suffix\\"><i class=\\"ix-icon ix-icon-down\\" style=\\"transform: rotate(0deg);\\" role=\\"img\\" aria-label=\\"down\\"></i></div>
  <!---->
</div>"
`;
