// Vitest Snapshot v1

exports[`Trigger > render work 1`] = `
"<div class=\\"ix-trigger\\">
  <!---->
  <!---->
  <!---->
</div>"
`;
