// Jest Snapshot v1, https://goo.gl/fbAQLP

exports[`InputNumber render work 1`] = `"<span class=\\"ix-input ix-input-md ix-input-with-addon-after ix-input-with-addon-before ix-input-number\\"><span class=\\"ix-input-addon\\"><span class=\\"ix-input-number-decrease\\" role=\\"button\\"><i class=\\"ix-icon ix-icon-minus\\" role=\\"img\\" aria-label=\\"minus\\"></i></span></span><input class=\\"ix-input-inner\\" type=\\"text\\" autocomplete=\\"off\\" aria-valuemin=\\"-Infinity\\" aria-valuemax=\\"Infinity\\"><span class=\\"ix-input-addon\\"><span class=\\"ix-input-number-increase\\" role=\\"button\\"><i class=\\"ix-icon ix-icon-plus\\" role=\\"img\\" aria-label=\\"plus\\"></i></span></span></span>"`;
