// Vitest Snapshot v1

exports[`Switch > render work 1`] = `
"<button type=\\"button\\" class=\\"ix-switch ix-switch-md\\">
  <!----><span class=\\"ix-switch-label\\"><!----></span>
</button>"
`;
