// Vitest Snapshot v1

exports[`ProTextarea > render work 1`] = `"<!---->"`;
