// Vitest Snapshot v1

exports[`DatePicker > render work 1`] = `
"<div class=\\"ix-trigger ix-trigger-md ix-trigger-with-suffix ix-control-trigger ix-date-picker\\" tabindex=\\"-1\\" opened=\\"false\\">
  <!---->
  <div class=\\"ix-date-picker-input\\"><input class=\\"ix-date-picker-input-inner\\" autocomplete=\\"off\\" placeholder=\\"请选择日期\\" readonly=\\"\\" size=\\"12\\" value=\\"\\"></div>
  <div class=\\"ix-trigger-suffix\\"><i class=\\"ix-icon ix-icon-calendar\\" role=\\"img\\" aria-label=\\"calendar\\"></i></div>
  <!---->
</div>"
`;
