// Jest Snapshot v1, https://goo.gl/fbAQLP

exports[`list.ts basic work itemRender work 1`] = `
"<div class=\\"ix-virtual-list\\" style=\\"position: relative;\\">
  <div class=\\"ix-virtual-list-holder\\" style=\\"height: 200px; overflow-y: hidden;\\">
    <div class=\\"ix-virtual-filler\\" style=\\"height: 400px; position: relative; overflow: hidden;\\">
      <div class=\\"ix-virtual-filler-inner\\" style=\\"display: flex; flex-direction: column; transform: translateY(0px); position: absolute; left: 0px; right: 0px; top: 0px;\\"><span class=\\"virtual-item\\">id-0 - 0</span><span class=\\"virtual-item\\">id-1 - 1</span><span class=\\"virtual-item\\">id-2 - 2</span><span class=\\"virtual-item\\">id-3 - 3</span><span class=\\"virtual-item\\">id-4 - 4</span><span class=\\"virtual-item\\">id-5 - 5</span><span class=\\"virtual-item\\">id-6 - 6</span><span class=\\"virtual-item\\">id-7 - 7</span><span class=\\"virtual-item\\">id-8 - 8</span><span class=\\"virtual-item\\">id-9 - 9</span><span class=\\"virtual-item\\">id-10 - 10</span><span class=\\"virtual-item\\">id-11 - 11</span></div>
    </div>
  </div>
  <div class=\\"ix-virtual-scrollbar\\" style=\\"width: 8px; top: 0px; bottom: 0px; right: 0px; position: absolute; display: none;\\">
    <div class=\\"ix-virtual-scrollbar-thumb\\" style=\\"width: 100%; height: 100px; top: 0px; left: 0px; position: absolute; background: rgba(0, 0, 0, 0.5); border-radius: 99px; cursor: pointer; user-select: none;\\"></div>
  </div>
</div>"
`;

exports[`list.ts basic work render work 1`] = `
"<div class=\\"ix-virtual-list\\" style=\\"position: relative;\\">
  <div class=\\"ix-virtual-list-holder\\" style=\\"height: 200px; overflow-y: hidden;\\">
    <div class=\\"ix-virtual-filler\\" style=\\"height: 400px; position: relative; overflow: hidden;\\">
      <div class=\\"ix-virtual-filler-inner\\" style=\\"display: flex; flex-direction: column; transform: translateY(0px); position: absolute; left: 0px; right: 0px; top: 0px;\\"><span class=\\"virtual-item\\" style=\\"height: 20px;\\">id-0 - 0</span><span class=\\"virtual-item\\" style=\\"height: 20px;\\">id-1 - 1</span><span class=\\"virtual-item\\" style=\\"height: 20px;\\">id-2 - 2</span><span class=\\"virtual-item\\" style=\\"height: 20px;\\">id-3 - 3</span><span class=\\"virtual-item\\" style=\\"height: 20px;\\">id-4 - 4</span><span class=\\"virtual-item\\" style=\\"height: 20px;\\">id-5 - 5</span><span class=\\"virtual-item\\" style=\\"height: 20px;\\">id-6 - 6</span><span class=\\"virtual-item\\" style=\\"height: 20px;\\">id-7 - 7</span><span class=\\"virtual-item\\" style=\\"height: 20px;\\">id-8 - 8</span><span class=\\"virtual-item\\" style=\\"height: 20px;\\">id-9 - 9</span><span class=\\"virtual-item\\" style=\\"height: 20px;\\">id-10 - 10</span><span class=\\"virtual-item\\" style=\\"height: 20px;\\">id-11 - 11</span></div>
    </div>
  </div>
  <div class=\\"ix-virtual-scrollbar\\" style=\\"width: 8px; top: 0px; bottom: 0px; right: 0px; position: absolute; display: none;\\">
    <div class=\\"ix-virtual-scrollbar-thumb\\" style=\\"width: 100%; height: 100px; top: 0px; left: 0px; position: absolute; background: rgba(0, 0, 0, 0.5); border-radius: 99px; cursor: pointer; user-select: none;\\"></div>
  </div>
</div>"
`;
