// Jest Snapshot v1, https://goo.gl/fbAQLP

exports[`Tooltip.vue render work 1`] = `"<!---->"`;
