// Vitest Snapshot v1

exports[`TransferListItem > render work 1`] = `
"<li class=\\"ix-transfer-list-item\\"><label class=\\"ix-checkbox ix-transfer-list-item-checkbox\\" role=\\"checkbox\\" aria-checked=\\"false\\" aria-disabled=\\"false\\"><span class=\\"ix-checkbox-input\\"><input type=\\"checkbox\\" class=\\"ix-checkbox-input-inner\\" aria-hidden=\\"true\\" value=\\"1\\"><span class=\\"ix-checkbox-input-box\\"><div aria-hidden=\\"true\\" class=\\"ix-wave\\"></div></span></span>
    <!---->
    <!----><span class=\\"ix-checkbox-label\\">Option-1</span>
  </label>
  <div class=\\"ix-transfer-list-item-close-icon\\"><i class=\\"ix-icon ix-icon-close\\" role=\\"img\\" aria-label=\\"close\\"></i></div>
</li>"
`;
