// Jest Snapshot v1, https://goo.gl/fbAQLP

exports[`Skeleton render work 1`] = `
"<div class=\\"ix-skeleton\\">
  <div class=\\"ix-skeleton-loader ix-skeleton-text ix-skeleton-animated\\"></div>
</div>"
`;
