// Vitest Snapshot v1

exports[`Upload list render > render work 1`] = `"<!---->"`;
