// Vitest Snapshot v1

exports[`TimePanelCell > render work 1`] = `"<li class=\\"ix-time-panel-cell ix-time-panel-cell-selected\\">01</li>"`;
