// Vitest Snapshot v1

exports[`ButtonGroup > render work 1`] = `"<div class=\\"ix-button-group\\"><button class=\\"ix-button ix-button-md\\" type=\\"button\\"><span>default</span></button><button class=\\"ix-button ix-button-primary ix-button-md\\" type=\\"button\\"><span>primary</span></button><button class=\\"ix-button ix-button-lg\\" type=\\"button\\"><span>large</span></button><button class=\\"ix-button ix-button-circle ix-button-md\\" type=\\"button\\"><span>circle</span></button></div>"`;
